========================================================================
TRAIN RESIDUAL RL (500 episodes) on the strong hybrid baseline
   residual_scale=0.25
========================================================================
[train] episode    20  step    12000  eval_return  -26504.93
[train] episode    40  step    24000  eval_return  -57170.71
[train] episode    60  step    36000  eval_return  -20128.72
[train] episode    80  step    48000  eval_return  -44732.78
[train] episode   100  step    60000  eval_return  -25896.85
[train] episode   120  step    72000  eval_return  -33417.17
[train] episode   140  step    84000  eval_return  -26898.35
[train] episode   160  step    96000  eval_return  -22165.26
[train] episode   180  step   108000  eval_return  -30401.28
[train] episode   200  step   120000  eval_return  -31956.65
[train] episode   220  step   132000  eval_return  -16125.70
[train] episode   240  step   144000  eval_return  -22358.98
[train] episode   260  step   156000  eval_return  -23078.11
[train] episode   280  step   168000  eval_return  -24415.60
[train] episode   300  step   180000  eval_return  -63921.58
[train] episode   320  step   192000  eval_return  -19645.88
[train] episode   340  step   204000  eval_return  -24826.78
[train] episode   360  step   216000  eval_return  -26637.46
[train] episode   380  step   228000  eval_return  -29199.90
[train] episode   400  step   240000  eval_return  -36031.17
[train] episode   420  step   252000  eval_return  -25327.93
[train] episode   440  step   264000  eval_return  -17261.19
[train] episode   460  step   276000  eval_return  -32665.20
[train] episode   480  step   288000  eval_return  -31435.22
[train] episode   500  step   300000  eval_return  -38235.79
Training done: 500 episodes / 300000 steps in 55.9 min.
Saved residual_agent.pt + training_curve.png -> /home/user/abr_control/cfdl_mfac_ncp_td3/results/residual_v2
