Fair tuning baselines (budget=30) ...
  tuned PID          best_rmse=8.1974  params={'kp': 0.769, 'ki': 2.617, 'kd': 1.537}
  tuned SMC          best_rmse=0.5642  params={'lam': 0.622, 'kd': 1.721, 'ks': 2.803}
  tuned MPC          best_rmse=0.6121  params={'q_pos': 32.93, 'q_vel': 2.764, 'r_u': 0.001}
  tuned Fuzzy        best_rmse=10.2412  params={'ke': 2.072, 'e_width': 0.846, 'edot_width': 0.578}
  tuned Backstepping best_rmse=0.4760  params={'k1': 0.618, 'k2': 2.565}
  tuned Hybrid       best_rmse=0.5628  params={'k_outer': 0.838, 'trans_kp': 176.092, 'mfac_trim_cap': 0.572, 'trans_damping': 2.536, 'att_lam': 2.216, 'att_kd': 0.525, 'att_ks': 1.328}

========================================================================
SCENARIO 1 - square trajectory + measurement noise
========================================================================
  Test                    Hybrid                   MPC                   PID                 Fuzzy
  ------------------------------------------------------------------------------------------------
  0 (none)    0.1110/0.0171         0.1356/0.0293        14.1113/1.3104         6.9325/1.3529     
  1 (60dB)    0.1046/0.0168         0.1356/0.0293        14.0164/1.3476         6.8838/1.3577     
  2 (40dB)    0.1023/0.0166         0.1356/0.0293        13.7302/1.3431         6.7804/1.3513     
  3 (30dB)    0.1059/0.0169         0.1356/0.0293        13.9760/1.3343         6.7396/1.3767     
  4 (25dB)    0.1053/0.0168         0.1356/0.0293        14.6395/1.3300         6.4059/1.3658     
  5 (20dB)    0.1055/0.0167         0.1357/0.0293        16.0065/1.3113         6.7064/1.3529     
  (values: position RMSE [m] / yaw RMSE [rad])

========================================================================
SCENARIO 2 - lemniscate + external disturbances (10-40 s)
========================================================================
  scaled disturbances: d_u=+/-10.0 N (stochastic), d_v=7.5 sin(t) N, d_r=4.0 N m (step)
Scenario 2 (overall / during-disturbance)
  ctrl              pos_rmse        yaw_rmse   pos_rmse_dist   yaw_rmse_dist          energy
  Hybrid              0.2948          0.0109          0.3178          0.0135      36871.8153
  MPC                 0.3690          0.0265          0.4135          0.0267      37428.3176
  PID                 8.9296          1.5068          7.8467          1.6430     229144.0348
  Fuzzy               4.8473          1.2782          5.7177          1.2080     157573.9044

========================================================================
SCENARIO 3 - circle + +/-15% time-varying parametric uncertainty
========================================================================
Scenario 3 (parametric uncertainty)
  ctrl              pos_rmse        yaw_rmse          energy
  Hybrid              0.2869          0.0091      87003.7921
  MPC                 0.3278          0.0339      87759.0263
  PID                 8.9292          1.4049     245810.8786
  Fuzzy              10.2280          0.8342     213069.1806

========================================================================
HYBRID 6-panel diagnostic figures (per scenario)
========================================================================
  wrote hybrid_scenario1_panels.png  (pos_rmse=0.1110, yaw_rmse=0.0171)
  wrote hybrid_scenario2_panels.png  (pos_rmse=0.2948, yaw_rmse=0.0109)
  wrote hybrid_scenario3_panels.png  (pos_rmse=0.2869, yaw_rmse=0.0091)

Artifacts -> /home/user/abr_control/cfdl_mfac_ncp_td3/results/scenarios/
